D:\JS\petriken-2019Q1\CodeJam-Culture-Portal\src\components\Avatar\Avatar.js
  7:23  error  'data' is missing in props validation         react/prop-types
  7:28  error  'data.avatar' is missing in props validation  react/prop-types
  7:47  error  'data' is missing in props validation         react/prop-types
  7:52  error  'data.name' is missing in props validation    react/prop-types

D:\JS\petriken-2019Q1\CodeJam-Culture-Portal\src\components\CommonPageItems\CommonPageItems.js
  36:31  error  'term' is missing in props validation           react/prop-types
  36:49  error  'term' is missing in props validation           react/prop-types
  37:31  error  'city' is missing in props validation           react/prop-types
  37:49  error  'city' is missing in props validation           react/prop-types
  55:35  error  'onButtonClick' is missing in props validation  react/prop-types

D:\JS\petriken-2019Q1\CodeJam-Culture-Portal\src\components\Description\Description.js
   7:35  error  'data' is missing in props validation             react/prop-types
   7:40  error  'data.name' is missing in props validation        react/prop-types
   8:40  error  'data' is missing in props validation             react/prop-types
   8:45  error  'data.occupation' is missing in props validation  react/prop-types
   9:53  error  'data' is missing in props validation             react/prop-types
   9:58  error  'data.birthDate' is missing in props validation   react/prop-types
   9:91  error  'data' is missing in props validation             react/prop-types
   9:96  error  'data.deathDate' is missing in props validation   react/prop-types
  10:63  error  'data' is missing in props validation             react/prop-types
  10:68  error  'data.birthPlace' is missing in props validation  react/prop-types

D:\JS\petriken-2019Q1\CodeJam-Culture-Portal\src\components\Developer\Developer.js
   5:50  error  'gitHub' is missing in props validation  react/prop-types
   9:23  error  'avatar' is missing in props validation  react/prop-types
   9:42  error  'name' is missing in props validation    react/prop-types
  10:44  error  'name' is missing in props validation    react/prop-types
  11:80  error  'gitHub' is missing in props validation  react/prop-types

D:\JS\petriken-2019Q1\CodeJam-Culture-Portal\src\components\Map\Map.js
  14:31  error  'google' is missing in props validation  react/prop-types

D:\JS\petriken-2019Q1\CodeJam-Culture-Portal\src\components\Timeline\Timeline.js
  9:14  error  'data' is missing in props validation               react/prop-types
  9:19  error  'data.activity' is missing in props validation      react/prop-types
  9:28  error  'data.activity.map' is missing in props validation  react/prop-types

D:\JS\petriken-2019Q1\CodeJam-Culture-Portal\src\components\VideoPlayer\VideoPlayer.js
  12:20  error  'data' is missing in props validation        react/prop-types
  12:25  error  'data.video' is missing in props validation  react/prop-types

D:\JS\petriken-2019Q1\CodeJam-Culture-Portal\src\containers\CommonPage\CommonPage.js
  10:45  error  'onButtonClick' is missing in props validation  react/prop-types

D:\JS\petriken-2019Q1\CodeJam-Culture-Portal\src\containers\MainPage\MainPage.js
  13:19  error  'props' is defined but never used  no-unused-vars

D:\JS\petriken-2019Q1\CodeJam-Culture-Portal\src\containers\PersonalPage\PersonalPage.js
   8:8   error  Using exported name 'MapContainer' as identifier for default export  import/no-named-as-default
  12:30  error  'person' is missing in props validation                              react/prop-types




d:\JS\petriken-2019Q1\CodeJam-Culture-Portal\src\components\Avatar\Avatar.js
  7:23  error  'data' is missing in props validation         react/prop-types
  7:28  error  'data.avatar' is missing in props validation  react/prop-types
  7:47  error  'data' is missing in props validation         react/prop-types
  7:52  error  'data.name' is missing in props validation    react/prop-types

d:\JS\petriken-2019Q1\CodeJam-Culture-Portal\src\components\CommonPageItems\CommonPageItems.js
  21:13  error  Expected 'this' to be used by class method 'checkMatch'  class-methods-use-this
  25:7   error  Use array destructuring                                  prefer-destructuring
  37:33  error  'term' is missing in props validation                    react/prop-types
  37:51  error  'term' is missing in props validation                    react/prop-types
  38:33  error  'city' is missing in props validation                    react/prop-types
  38:51  error  'city' is missing in props validation                    react/prop-types
  51:37  error  'onButtonClick' is missing in props validation           react/prop-types

d:\JS\petriken-2019Q1\CodeJam-Culture-Portal\src\components\Description\Description.js
   7:35  error  'data' is missing in props validation             react/prop-types
   7:40  error  'data.name' is missing in props validation        react/prop-types
   8:40  error  'data' is missing in props validation             react/prop-types
   8:45  error  'data.occupation' is missing in props validation  react/prop-types
   9:53  error  'data' is missing in props validation             react/prop-types
   9:58  error  'data.birthDate' is missing in props validation   react/prop-types
   9:91  error  'data' is missing in props validation             react/prop-types
   9:96  error  'data.deathDate' is missing in props validation   react/prop-types
  10:63  error  'data' is missing in props validation             react/prop-types
  10:68  error  'data.birthPlace' is missing in props validation  react/prop-types

d:\JS\petriken-2019Q1\CodeJam-Culture-Portal\src\components\Developer\Developer.js
   5:50  error  'gitHub' is missing in props validation  react/prop-types
   9:23  error  'avatar' is missing in props validation  react/prop-types
   9:42  error  'name' is missing in props validation    react/prop-types
  10:44  error  'name' is missing in props validation    react/prop-types
  11:80  error  'gitHub' is missing in props validation  react/prop-types

d:\JS\petriken-2019Q1\CodeJam-Culture-Portal\src\components\Header\Header.js
  7:9  error  Expected 'this' to be used by class method 'render'  class-methods-use-this

d:\JS\petriken-2019Q1\CodeJam-Culture-Portal\src\components\Map\Map.js
  14:31  error  'google' is missing in props validation  react/prop-types

d:\JS\petriken-2019Q1\CodeJam-Culture-Portal\src\components\Timeline\Timeline.js
  9:14  error  'data' is missing in props validation               react/prop-types
  9:19  error  'data.activity' is missing in props validation      react/prop-types
  9:28  error  'data.activity.map' is missing in props validation  react/prop-types

d:\JS\petriken-2019Q1\CodeJam-Culture-Portal\src\components\VideoPlayer\VideoPlayer.js
  12:20  error  'data' is missing in props validation        react/prop-types
  12:25  error  'data.video' is missing in props validation  react/prop-types

d:\JS\petriken-2019Q1\CodeJam-Culture-Portal\src\containers\CommonPage\CommonPage.js
  10:45  error  'onButtonClick' is missing in props validation  react/prop-types

d:\JS\petriken-2019Q1\CodeJam-Culture-Portal\src\containers\MainPage\MainPage.js
  13:19  error  'props' is defined but never used  no-unused-vars

d:\JS\petriken-2019Q1\CodeJam-Culture-Portal\src\containers\PersonalPage\PersonalPage.js
   8:8   error  Using exported name 'MapContainer' as identifier for default export  import/no-named-as-default
  12:30  error  'person' is missing in props validation                              react/prop-types

d:\JS\petriken-2019Q1\CodeJam-Culture-Portal\src\data\people.js
    1:8  error  Identifier 'avatar_1' is not in camel case  camelcase
    2:8  error  Identifier 'avatar_2' is not in camel case  camelcase
    3:8  error  Identifier 'avatar_3' is not in camel case  camelcase
    4:8  error  Identifier 'avatar_4' is not in camel case  camelcase
    6:8  error  Identifier 'slide_1' is not in camel case   camelcase
    7:8  error  Identifier 'slide_2' is not in camel case   camelcase
    8:8  error  Identifier 'slide_3' is not in camel case   camelcase
    9:8  error  Identifier 'slide_4' is not in camel case   camelcase
   10:8  error  Identifier 'slide_5' is not in camel case   camelcase
   11:8  error  Identifier 'slide_6' is not in camel case   camelcase
   13:8  error  Identifier 'slide_7' is not in camel case   camelcase
   14:8  error  Identifier 'slide_8' is not in camel case   camelcase
   15:8  error  Identifier 'slide_9' is not in camel case   camelcase
   16:8  error  Identifier 'slide_10' is not in camel case  camelcase
   17:8  error  Identifier 'slide_11' is not in camel case  camelcase
   18:8  error  Identifier 'slide_12' is not in camel case  camelcase
   20:8  error  Identifier 'slide_13' is not in camel case  camelcase
   21:8  error  Identifier 'slide_14' is not in camel case  camelcase
   22:8  error  Identifier 'slide_15' is not in camel case  camelcase
   23:8  error  Identifier 'slide_16' is not in camel case  camelcase
   24:8  error  Identifier 'slide_17' is not in camel case  camelcase
   25:8  error  Identifier 'slide_18' is not in camel case  camelcase
   27:8  error  Identifier 'slide_19' is not in camel case  camelcase
   28:8  error  Identifier 'slide_20' is not in camel case  camelcase
   29:8  error  Identifier 'slide_21' is not in camel case  camelcase
   30:8  error  Identifier 'slide_22' is not in camel case  camelcase
   31:8  error  Identifier 'slide_23' is not in camel case  camelcase
   32:8  error  Identifier 'slide_24' is not in camel case  camelcase
   34:8  error  Identifier 'video_1' is not in camel case   camelcase
   35:8  error  Identifier 'video_2' is not in camel case   camelcase
   36:8  error  Identifier 'video_3' is not in camel case   camelcase
   37:8  error  Identifier 'video_4' is not in camel case   camelcase
   92:7  error  Identifier 'slide_1' is not in camel case   camelcase
   93:7  error  Identifier 'slide_2' is not in camel case   camelcase
   94:7  error  Identifier 'slide_3' is not in camel case   camelcase
   95:7  error  Identifier 'slide_4' is not in camel case   camelcase
   96:7  error  Identifier 'slide_5' is not in camel case   camelcase
   97:7  error  Identifier 'slide_6' is not in camel case   camelcase
  138:7  error  Identifier 'slide_7' is not in camel case   camelcase
  139:7  error  Identifier 'slide_8' is not in camel case   camelcase
  140:7  error  Identifier 'slide_9' is not in camel case   camelcase
  141:7  error  Identifier 'slide_10' is not in camel case  camelcase
  142:7  error  Identifier 'slide_11' is not in camel case  camelcase
  143:7  error  Identifier 'slide_12' is not in camel case  camelcase
  198:7  error  Identifier 'slide_13' is not in camel case  camelcase
  199:7  error  Identifier 'slide_14' is not in camel case  camelcase
  200:7  error  Identifier 'slide_15' is not in camel case  camelcase
  201:7  error  Identifier 'slide_16' is not in camel case  camelcase
  202:7  error  Identifier 'slide_17' is not in camel case  camelcase
  203:7  error  Identifier 'slide_18' is not in camel case  camelcase
  264:7  error  Identifier 'slide_19' is not in camel case  camelcase
  265:7  error  Identifier 'slide_20' is not in camel case  camelcase
  266:7  error  Identifier 'slide_21' is not in camel case  camelcase
  267:7  error  Identifier 'slide_22' is not in camel case  camelcase
  268:7  error  Identifier 'slide_23' is not in camel case  camelcase
  269:7  error  Identifier 'slide_24' is not in camel case  camelcase